  Determining projects to restore...
  All projects are up-to-date for restore.
  ParsingEngine -> C:\Users\avist\source\repos\GitHubLocal\Customers\Sacks-New\ParsingEngine\bin\Debug\net10.0\ParsingEngine.dll
  McpServer.Core -> C:\Users\avist\source\repos\GitHubLocal\Customers\Sacks-New\McpServer.Core\bin\Debug\net10.0\McpServer.Core.dll
  McpServer.Transport -> C:\Users\avist\source\repos\GitHubLocal\Customers\Sacks-New\McpServer.Transport\bin\Debug\net10.0\McpServer.Transport.dll
  McpServer.Client -> C:\Users\avist\source\repos\GitHubLocal\Customers\Sacks-New\McpServer.Client\bin\Debug\net10.0\McpServer.Client.dll
  McpServer.Database -> C:\Users\avist\source\repos\GitHubLocal\Customers\Sacks-New\McpServer.Database\bin\Debug\net10.0\McpServer.Database.dll
  Sacks.Configuration -> C:\Users\avist\source\repos\GitHubLocal\Customers\Sacks-New\Sacks.Configuration\bin\Debug\net10.0\Sacks.Configuration.dll
  Sacks.Core -> C:\Users\avist\source\repos\GitHubLocal\Customers\Sacks-New\Sacks.Core\bin\Debug\net10.0\Sacks.Core.dll
  Sacks.DataAccess -> C:\Users\avist\source\repos\GitHubLocal\Customers\Sacks-New\Sacks.DataAccess\bin\Debug\net10.0\Sacks.DataAccess.dll
  Sacks.LogicLayer -> C:\Users\avist\source\repos\GitHubLocal\Customers\Sacks-New\Sacks.LogicLayer\bin\Debug\net10.0\Sacks.LogicLayer.dll
  SacksMcp -> C:\Users\avist\source\repos\GitHubLocal\Customers\Sacks-New\SacksMcp\bin\Debug\net10.0\SacksMcp.dll
  SacksMcp.Console -> C:\Users\avist\source\repos\GitHubLocal\Customers\Sacks-New\SacksMcp.Console\bin\Debug\net10.0\SacksMcp.Console.dll
  SacksMcp.Tests -> C:\Users\avist\source\repos\GitHubLocal\Customers\Sacks-New\SacksMcp.Tests\bin\Debug\net10.0\SacksMcp.Tests.dll
C:\Users\avist\source\repos\GitHubLocal\Customers\Sacks-New\SacksApp\ModernTextBox.cs(42,9): error CS8765: Nullability of type of parameter 'value' doesn't match overridden member (possibly because of nullability attributes). [C:\Users\avist\source\repos\GitHubLocal\Customers\Sacks-New\SacksApp\SacksApp.csproj]
C:\Users\avist\source\repos\GitHubLocal\Customers\Sacks-New\SacksApp\ModernTextBox.cs(71,9): error CS8765: Nullability of type of parameter 'value' doesn't match overridden member (possibly because of nullability attributes). [C:\Users\avist\source\repos\GitHubLocal\Customers\Sacks-New\SacksApp\SacksApp.csproj]
C:\Users\avist\source\repos\GitHubLocal\Customers\Sacks-New\SacksApp\ModernTextBox.cs(45,17): error WFO1000: Property 'ReadOnly' does not configure the code serialization for its property content (https://aka.ms/winforms-warnings/wfo1000) [C:\Users\avist\source\repos\GitHubLocal\Customers\Sacks-New\SacksApp\SacksApp.csproj]
C:\Users\avist\source\repos\GitHubLocal\Customers\Sacks-New\SacksApp\ModernTextBox.cs(51,17): error WFO1000: Property 'Multiline' does not configure the code serialization for its property content (https://aka.ms/winforms-warnings/wfo1000) [C:\Users\avist\source\repos\GitHubLocal\Customers\Sacks-New\SacksApp\SacksApp.csproj]
C:\Users\avist\source\repos\GitHubLocal\Customers\Sacks-New\SacksApp\ModernTextBox.cs(88,23): error WFO1000: Property 'ScrollBars' does not configure the code serialization for its property content (https://aka.ms/winforms-warnings/wfo1000) [C:\Users\avist\source\repos\GitHubLocal\Customers\Sacks-New\SacksApp\SacksApp.csproj]
C:\Users\avist\source\repos\GitHubLocal\Customers\Sacks-New\SacksApp\ModernTextBox.cs(94,17): error WFO1000: Property 'WordWrap' does not configure the code serialization for its property content (https://aka.ms/winforms-warnings/wfo1000) [C:\Users\avist\source\repos\GitHubLocal\Customers\Sacks-New\SacksApp\SacksApp.csproj]
C:\Users\avist\source\repos\GitHubLocal\Customers\Sacks-New\SacksApp\ModernTextBox.cs(100,19): error WFO1000: Property 'PlaceholderText' does not configure the code serialization for its property content (https://aka.ms/winforms-warnings/wfo1000) [C:\Users\avist\source\repos\GitHubLocal\Customers\Sacks-New\SacksApp\SacksApp.csproj]

Build FAILED.

C:\Users\avist\source\repos\GitHubLocal\Customers\Sacks-New\SacksApp\ModernTextBox.cs(42,9): error CS8765: Nullability of type of parameter 'value' doesn't match overridden member (possibly because of nullability attributes). [C:\Users\avist\source\repos\GitHubLocal\Customers\Sacks-New\SacksApp\SacksApp.csproj]
C:\Users\avist\source\repos\GitHubLocal\Customers\Sacks-New\SacksApp\ModernTextBox.cs(71,9): error CS8765: Nullability of type of parameter 'value' doesn't match overridden member (possibly because of nullability attributes). [C:\Users\avist\source\repos\GitHubLocal\Customers\Sacks-New\SacksApp\SacksApp.csproj]
C:\Users\avist\source\repos\GitHubLocal\Customers\Sacks-New\SacksApp\ModernTextBox.cs(45,17): error WFO1000: Property 'ReadOnly' does not configure the code serialization for its property content (https://aka.ms/winforms-warnings/wfo1000) [C:\Users\avist\source\repos\GitHubLocal\Customers\Sacks-New\SacksApp\SacksApp.csproj]
C:\Users\avist\source\repos\GitHubLocal\Customers\Sacks-New\SacksApp\ModernTextBox.cs(51,17): error WFO1000: Property 'Multiline' does not configure the code serialization for its property content (https://aka.ms/winforms-warnings/wfo1000) [C:\Users\avist\source\repos\GitHubLocal\Customers\Sacks-New\SacksApp\SacksApp.csproj]
C:\Users\avist\source\repos\GitHubLocal\Customers\Sacks-New\SacksApp\ModernTextBox.cs(88,23): error WFO1000: Property 'ScrollBars' does not configure the code serialization for its property content (https://aka.ms/winforms-warnings/wfo1000) [C:\Users\avist\source\repos\GitHubLocal\Customers\Sacks-New\SacksApp\SacksApp.csproj]
C:\Users\avist\source\repos\GitHubLocal\Customers\Sacks-New\SacksApp\ModernTextBox.cs(94,17): error WFO1000: Property 'WordWrap' does not configure the code serialization for its property content (https://aka.ms/winforms-warnings/wfo1000) [C:\Users\avist\source\repos\GitHubLocal\Customers\Sacks-New\SacksApp\SacksApp.csproj]
C:\Users\avist\source\repos\GitHubLocal\Customers\Sacks-New\SacksApp\ModernTextBox.cs(100,19): error WFO1000: Property 'PlaceholderText' does not configure the code serialization for its property content (https://aka.ms/winforms-warnings/wfo1000) [C:\Users\avist\source\repos\GitHubLocal\Customers\Sacks-New\SacksApp\SacksApp.csproj]
    0 Warning(s)
    7 Error(s)

Time Elapsed 00:00:03.39
